2026-08-03 18:44:15,790 INFO [clean_score_only]                 Book.java:560  | 7 sheets in /tmp/pdf2mxl-up-dSZBHQ/clean_score_only.pdf
2026-08-03 18:44:15,913 INFO []                 Book.java:2565 | Stored /book.xml
2026-08-03 18:44:15,914 INFO []                 Book.java:2525 | Book stored as /tmp/pdf2mxl-up-dSZBHQ/audiveris-out/clean_score_only.omr
2026-08-03 18:44:15,915 INFO []                 Book.java:1929 | Book reaching PAGE on sheets:[#1#2#3#4#5#6#7]
2026-08-03 18:44:15,916 INFO [clean_score_only#1]       StepMonitoring.java:98   | LOAD
2026-08-03 18:44:16,358 INFO [clean_score_only#1]            SheetStub.java:1278 | Loaded image #1 2483x3508 from /tmp/pdf2mxl-up-dSZBHQ/clean_score_only.pdf
2026-08-03 18:44:16,362 INFO [clean_score_only#1]       StepMonitoring.java:98   | BINARY
2026-08-03 18:44:16,952 INFO [clean_score_only#1]       StepMonitoring.java:98   | SCALE
2026-08-03 18:44:16,977 INFO [clean_score_only#1]         ScaleBuilder.java:255  | Beam  guessed height:  9 -- mid of [5..14]
2026-08-03 18:44:16,978 INFO [clean_score_only#1]         ScaleBuilder.java:271  | Beam measured height:  9 -- 0.44 of [5..14] range at 235% of needed quorum
2026-08-03 18:44:16,978 INFO [clean_score_only#1]         ScaleBuilder.java:401  | Normalized black jitter: 13.33 %
2026-08-03 18:44:16,979 INFO [clean_score_only#1]            ScaleStep.java:65   | Scale{ interline(14,15,16) line(3,4,5) beam(9)}
2026-08-03 18:44:16,979 INFO [clean_score_only#1]       StepMonitoring.java:98   | GRID
2026-08-03 18:44:17,776 INFO [clean_score_only#1]       LinesRetriever.java:1500 | Global slope: 0.01297
2026-08-03 18:44:17,841 INFO [clean_score_only#1]    ClustersRetriever.java:326  | Retrieved raw line clusters: 10 of sizes [5] with interline(14,15,16)
2026-08-03 18:44:18,102 INFO [clean_score_only#1]            PeakGraph.java:310  | Systems: #1[1, 2] #2[3, 4] #3[5, 6, 7] #4[8, 9, 10]
2026-08-03 18:44:18,159 INFO [clean_score_only#1]        BarsRetriever.java:769  | No brace partner at level:1 for Peak{206-234 F#7286 T#5 [BRACE]}
2026-08-03 18:44:18,723 INFO [clean_score_only#1]        SystemManager.java:134  | Indentation detected for system #1
2026-08-03 18:44:18,724 INFO [clean_score_only#1]        SystemManager.java:779  | 2 parts along 4 systems
2026-08-03 18:44:18,724 INFO [clean_score_only#1]                 Book.java:543  | Created scores: [{Score 1}]
2026-08-03 18:44:18,725 INFO [clean_score_only#1]       StepMonitoring.java:98   | HEADERS
2026-08-03 18:44:19,613 INFO [clean_score_only#1]       StepMonitoring.java:98   | STEM_SEEDS
2026-08-03 18:44:19,673 INFO [clean_score_only#1]        StemSeedsStep.java:86   | stem(4 max:6)
2026-08-03 18:44:19,750 INFO [clean_score_only#1]       StepMonitoring.java:98   | BEAMS
2026-08-03 18:44:22,362 INFO [clean_score_only#1]       StepMonitoring.java:98   | LEDGERS
2026-08-03 18:44:22,626 INFO [clean_score_only#1]       StepMonitoring.java:98   | HEADS
2026-08-03 18:44:26,138 INFO [clean_score_only#1]        HeadSeedTally.java:235  | Scale information: HeadSeeds{NOTEHEAD_VOID[L:0.6,R:-0.0] NOTEHEAD_BLACK[L:0.2,R:0.5]}
2026-08-03 18:44:26,138 INFO [clean_score_only#1]       StepMonitoring.java:98   | STEMS
2026-08-03 18:44:26,926 INFO [clean_score_only#1]       StepMonitoring.java:98   | REDUCTION
2026-08-03 18:44:27,037 INFO [clean_score_only#1]        ReductionStep.java:105  | Stems free length median value: 50 pixels, 3.3 interlines
2026-08-03 18:44:27,042 INFO [clean_score_only#1]       StepMonitoring.java:98   | CUE_BEAMS
2026-08-03 18:44:27,043 INFO [clean_score_only#1]         CueBeamsStep.java:81   | Step CUE_BEAMS is skipped because small heads switch is off
2026-08-03 18:44:27,043 INFO [clean_score_only#1]       StepMonitoring.java:98   | TEXTS
2026-08-03 18:44:27,854 INFO [clean_score_only#1]       StepMonitoring.java:98   | MEASURES
2026-08-03 18:44:27,862 INFO [clean_score_only#1]                 Page.java:307  | 15 raw measures: [3 in system#1, 4 in system#2, 4 in system#3, 4 in system#4]
2026-08-03 18:44:27,862 INFO [clean_score_only#1]       StepMonitoring.java:98   | CHORDS
2026-08-03 18:44:27,879 INFO [clean_score_only#1]       StepMonitoring.java:98   | CURVES
2026-08-03 18:44:28,783 INFO [clean_score_only#1]         SlursBuilder.java:240  | Slurs: 40
2026-08-03 18:44:28,837 INFO [clean_score_only#1]      SegmentsBuilder.java:155  | Segments: 35
2026-08-03 18:44:28,844 INFO [clean_score_only#1]       StepMonitoring.java:98   | SYMBOLS
2026-08-03 18:44:29,588 INFO [clean_score_only#1]       StepMonitoring.java:98   | LINKS
2026-08-03 18:44:29,592 WARN [clean_score_only#1]             KeyInter.java:1174 | No effective clef before AlterInter#8370{(0.236) staff:1 SHARP pitch:-3.0}
2026-08-03 18:44:29,623 INFO [clean_score_only#1]        SymbolsLinker.java:258  | No chord linked to OctaveShiftInter#8428{(0.413) staff:4 OTTAVA} at java.awt.Point[x=288,y=1786]
2026-08-03 18:44:29,627 INFO [clean_score_only#1]             KeyInter.java:1189 | No effective key before AlterInter#8518{(0.791) staff:3 NATURAL pitch:2.0}
2026-08-03 18:44:29,628 INFO [clean_score_only#1]             KeyInter.java:1189 | No effective key before AlterInter#8512{(0.784) staff:4 NATURAL pitch:4.0}
2026-08-03 18:44:29,628 INFO [clean_score_only#1]             KeyInter.java:1189 | No effective key before AlterInter#8516{(0.423) staff:4 NATURAL pitch:-3.0}
2026-08-03 18:44:29,656 INFO [clean_score_only#1]        SymbolsLinker.java:258  | No chord linked to OctaveShiftInter#8561{(0.413) staff:5 OTTAVA ALTA} at java.awt.Point[x=288,y=1786]
2026-08-03 18:44:29,657 INFO [clean_score_only#1]             KeyInter.java:1189 | No effective key before AlterInter#8603{(0.261) staff:6 NATURAL pitch:2.0}
2026-08-03 18:44:29,672 INFO [clean_score_only#1]             KeyInter.java:1189 | No effective key before AlterInter#8707{(0.140) staff:10 NATURAL pitch:-2.0}
2026-08-03 18:44:29,684 INFO [clean_score_only#1]       StepMonitoring.java:98   | RHYTHMS
2026-08-03 18:44:29,711 INFO [clean_score_only#1]                Voice.java:257  | Measure{#3} Voice{#5 excess:1/8} too long
2026-08-03 18:44:29,712 INFO [clean_score_only#1]                Voice.java:257  | Measure{#3} Voice{#2 excess:1/8} too long
2026-08-03 18:44:29,713 INFO [clean_score_only#1]          StackRhythm.java:224  | S1 MeasureStack#3 no correct rhythm
2026-08-03 18:44:29,733 INFO [clean_score_only#1]        MeasureRhythm.java:1044 | Measure{#7} No timeOffset for HeadChordInter#6837{(0.930/0.930) staff:4 slot#3 dur:1/8}
2026-08-03 18:44:29,734 INFO [clean_score_only#1]   AbstractChordInter.java:627  | Measure{#7} No timeOffset for HeadChordInter#6838{(0.955/0.955) staff:4 slot#4 dur:1/8}
2026-08-03 18:44:29,734 INFO [clean_score_only#1]   AbstractChordInter.java:627  | Measure{#7} No timeOffset for HeadChordInter#6804{(0.840/0.840) staff:3 slot#7 dur:1/8}
2026-08-03 18:44:29,734 INFO [clean_score_only#1]   AbstractChordInter.java:627  | Measure{#7} No timeOffset for HeadChordInter#6808{(0.952/0.952) staff:3 slot#11 dur:1/32}
2026-08-03 18:44:29,735 INFO [clean_score_only#1]   AbstractChordInter.java:627  | Measure{#7} No timeOffset for HeadChordInter#6809{(0.640/0.640) staff:3 slot#12 dur:1/2}
2026-08-03 18:44:29,735 INFO [clean_score_only#1]                Voice.java:257  | Measure{#7} Voice{#1 excess:1/2} too long
2026-08-03 18:44:29,735 INFO [clean_score_only#1]          StackRhythm.java:224  | S2 MeasureStack#7 no correct rhythm
2026-08-03 18:44:29,743 INFO [clean_score_only#1]                Voice.java:257  | Measure{#10P1} Voice{#1 excess:3/16} too long
2026-08-03 18:44:29,745 INFO [clean_score_only#1]          StackRhythm.java:224  | S3 MeasureStack#10 no correct rhythm
2026-08-03 18:44:29,748 INFO [clean_score_only#1]        MeasureRhythm.java:1044 | Measure{#11P2} No timeOffset for HeadChordInter#6867{(0.914/0.914) staff:6 slot#3 dur:1/2}
2026-08-03 18:44:29,748 INFO [clean_score_only#1]        MeasureRhythm.java:1044 | Measure{#11P2} No timeOffset for HeadChordInter#6887{(0.831/0.831) staff:7 slot#3 dur:1/2}
2026-08-03 18:44:29,749 INFO [clean_score_only#1]          StackRhythm.java:224  | S3 MeasureStack#11 no correct rhythm
2026-08-03 18:44:29,757 INFO [clean_score_only#1]        MeasureRhythm.java:1044 | Measure{#15P2} No timeOffset for HeadChordInter#6936{(0.794/0.794) staff:10 slot#5 dur:1/8}
2026-08-03 18:44:29,757 INFO [clean_score_only#1]   AbstractChordInter.java:627  | Measure{#15P2} No timeOffset for HeadChordInter#6936{(0.794/0.794) staff:10 slot#5 dur:1/8}
2026-08-03 18:44:29,758 INFO [clean_score_only#1]                Voice.java:257  | Measure{#15P2} Voice{#2 excess:3/8} too long
2026-08-03 18:44:29,758 INFO [clean_score_only#1]                Voice.java:257  | Measure{#15P2} Voice{#6 excess:3/8} too long
2026-08-03 18:44:29,758 INFO [clean_score_only#1]          StackRhythm.java:224  | S4 MeasureStack#15 no correct rhythm
2026-08-03 18:44:29,758 INFO [clean_score_only#1]       StepMonitoring.java:98   | PAGE
2026-08-03 18:44:29,763 INFO [clean_score_only#1]                Voice.java:257  | Measure{#3} Voice{#2 excess:1/8} too long
2026-08-03 18:44:29,763 INFO [clean_score_only#1]                Voice.java:257  | Measure{#3} Voice{#5 excess:1/8} too long
2026-08-03 18:44:29,764 INFO [clean_score_only#1]                Voice.java:257  | Measure{#7} Voice{#1 excess:1/2} too long
2026-08-03 18:44:29,764 INFO [clean_score_only#1]                Voice.java:257  | Measure{#10P1} Voice{#1 excess:3/16} too long
2026-08-03 18:44:29,764 INFO [clean_score_only#1]                Voice.java:257  | Measure{#15P2} Voice{#2 excess:3/8} too long
2026-08-03 18:44:29,764 INFO [clean_score_only#1]                Voice.java:257  | Measure{#15P2} Voice{#7 excess:3/8} too long
2026-08-03 18:44:29,765 INFO [clean_score_only#1]                 Book.java:2584 | Book{clean_score_only} storing
2026-08-03 18:44:29,829 INFO [clean_score_only#1]                 Book.java:2565 | Stored /book.xml
2026-08-03 18:44:29,914 INFO [clean_score_only#1]           DataHolder.java:348  | Stored /sheet#1/BINARY.png
2026-08-03 18:44:30,577 INFO [clean_score_only#1]                Sheet.java:1583 | Stored /sheet#1/sheet#1.xml
2026-08-03 18:44:30,577 INFO [clean_score_only#1]                 Book.java:2525 | Book stored as /tmp/pdf2mxl-up-dSZBHQ/audiveris-out/clean_score_only.omr
2026-08-03 18:44:30,578 INFO [clean_score_only#1]            SheetStub.java:1655 | Sheet#1 disposed
2026-08-03 18:44:30,607 INFO [clean_score_only#1]                 Book.java:2050 | End of Stub#1
2026-08-03 18:44:30,608 INFO [clean_score_only#2]       StepMonitoring.java:98   | LOAD
2026-08-03 18:44:30,884 INFO [clean_score_only#2]            SheetStub.java:1278 | Loaded image #2 2483x3508 from /tmp/pdf2mxl-up-dSZBHQ/clean_score_only.pdf
2026-08-03 18:44:30,885 INFO [clean_score_only#2]       StepMonitoring.java:98   | BINARY
2026-08-03 18:44:31,425 INFO [clean_score_only#2]       StepMonitoring.java:98   | SCALE
2026-08-03 18:44:31,447 INFO [clean_score_only#2]         ScaleBuilder.java:255  | Beam  guessed height: 10 -- mid of [6..14]
2026-08-03 18:44:31,447 INFO [clean_score_only#2]         ScaleBuilder.java:271  | Beam measured height:  8 -- 0.25 of [6..14] range at 343% of needed quorum
2026-08-03 18:44:31,447 INFO [clean_score_only#2]         ScaleBuilder.java:401  | Normalized black jitter: 20.00 %
2026-08-03 18:44:31,448 INFO [clean_score_only#2]            ScaleStep.java:65   | Scale{ interline(14,15,16) line(3,4,6) beam(8)}
2026-08-03 18:44:31,448 INFO [clean_score_only#2]       StepMonitoring.java:98   | GRID
2026-08-03 18:44:32,101 INFO [clean_score_only#2]       LinesRetriever.java:1500 | Global slope: 0.01169
2026-08-03 18:44:32,140 INFO [clean_score_only#2]    ClustersRetriever.java:326  | Retrieved raw line clusters: 13 of sizes [5] with interline(14,15,16)
2026-08-03 18:44:32,408 INFO [clean_score_only#2]            PeakGraph.java:310  | Systems: #1[1, 2, 3] #2[4, 5, 6] #3[7, 8, 9] #4[10, 11, 12, 13]
2026-08-03 18:44:32,446 INFO [clean_score_only#2]        BarsRetriever.java:1305 | System#4
2026-08-03 18:44:32,447 INFO [clean_score_only#2]        BarsRetriever.java:1308 |    PartGroup{bracket number:1 barline:false staves:10-11}
2026-08-03 18:44:32,940 INFO [clean_score_only#2]        SystemManager.java:779  | 3 parts along 4 systems
2026-08-03 18:44:32,940 INFO [clean_score_only#2]       StepMonitoring.java:98   | HEADERS
2026-08-03 18:44:33,048 WARN [clean_score_only#2]          ClefBuilder.java:658  | Staff#6 no recognized header clef.
2026-08-03 18:44:33,112 WARN [clean_score_only#2]          ClefBuilder.java:658  | Staff#9 no recognized header clef.
2026-08-03 18:44:33,176 INFO [clean_score_only#2]       StepMonitoring.java:98   | STEM_SEEDS
2026-08-03 18:44:33,215 INFO [clean_score_only#2]        StemSeedsStep.java:86   | stem(4 max:5)
2026-08-03 18:44:33,229 INFO [clean_score_only#2]       StepMonitoring.java:98   | BEAMS
2026-08-03 18:44:35,198 INFO [clean_score_only#2]       StepMonitoring.java:98   | LEDGERS
2026-08-03 18:44:35,534 INFO [clean_score_only#2]       StepMonitoring.java:98   | HEADS
2026-08-03 18:44:39,821 INFO [clean_score_only#2]        HeadSeedTally.java:235  | Scale information: HeadSeeds{NOTEHEAD_VOID[L:-0.3,R:-0.5] NOTEHEAD_BLACK[L:0.1,R:-0.0]}
2026-08-03 18:44:39,821 INFO [clean_score_only#2]       StepMonitoring.java:98   | STEMS
2026-08-03 18:44:40,910 INFO [clean_score_only#2]           BeamLinker.java:1729 | Not linking shorter BeamInter#2825{(0.622) BEAM}
2026-08-03 18:44:40,911 INFO [clean_score_only#2]           BeamLinker.java:1729 | Not linking shorter BeamHookInter#2836{(0.664/0.929) BEAM_HOOK}
2026-08-03 18:44:40,911 INFO [clean_score_only#2]           BeamLinker.java:1729 | Not linking shorter BeamInter#2838{(0.583/0.902) BEAM}
2026-08-03 18:44:40,911 INFO [clean_score_only#2]           BeamLinker.java:1729 | Not linking shorter BeamInter#2844{(0.595) BEAM}
2026-08-03 18:44:40,911 INFO [clean_score_only#2]           BeamLinker.java:1729 | Not linking shorter BeamInter#2850{(0.427) BEAM}
2026-08-03 18:44:40,914 INFO [clean_score_only#2]           BeamLinker.java:1729 | Not linking shorter BeamInter#2825{(0.622) BEAM}
2026-08-03 18:44:40,914 INFO [clean_score_only#2]           BeamLinker.java:1729 | Not linking shorter BeamInter#2844{(0.595) BEAM}
2026-08-03 18:44:40,915 INFO [clean_score_only#2]           BeamLinker.java:1729 | Not linking shorter BeamInter#2850{(0.427) BEAM}
2026-08-03 18:44:40,924 INFO [clean_score_only#2]       StepMonitoring.java:98   | REDUCTION
2026-08-03 18:44:41,038 INFO [clean_score_only#2]        ReductionStep.java:105  | Stems free length median value: 52 pixels, 3.5 interlines
2026-08-03 18:44:41,042 INFO [clean_score_only#2]       StepMonitoring.java:98   | CUE_BEAMS
2026-08-03 18:44:41,043 INFO [clean_score_only#2]         CueBeamsStep.java:81   | Step CUE_BEAMS is skipped because small heads switch is off
2026-08-03 18:44:41,043 INFO [clean_score_only#2]       StepMonitoring.java:98   | TEXTS
2026-08-03 18:44:42,227 INFO [clean_score_only#2]       StepMonitoring.java:98   | MEASURES
2026-08-03 18:44:42,228 INFO [clean_score_only#2]                 Page.java:307  | 14 raw measures: [4 in system#1, 3 in system#2, 4 in system#3, 3 in system#4]
2026-08-03 18:44:42,229 INFO [clean_score_only#2]       StepMonitoring.java:98   | CHORDS
2026-08-03 18:44:42,238 INFO [clean_score_only#2]       StepMonitoring.java:98   | CURVES
2026-08-03 18:44:43,011 INFO [clean_score_only#2]         SlursBuilder.java:240  | Slurs: 86
2026-08-03 18:44:43,020 INFO [clean_score_only#2]      SegmentsBuilder.java:155  | Segments: 30
2026-08-03 18:44:43,023 INFO [clean_score_only#2]       StepMonitoring.java:98   | SYMBOLS
2026-08-03 18:44:43,904 INFO [clean_score_only#2]       StepMonitoring.java:98   | LINKS
2026-08-03 18:44:43,908 INFO [clean_score_only#2]        SymbolsLinker.java:258  | No chord linked to OctaveShiftInter#12420{(0.229) staff:3 VENTIDUESIMA BASSA} at java.awt.Point[x=324,y=1150]
2026-08-03 18:44:43,921 INFO [clean_score_only#2]        SymbolsLinker.java:258  | No chord linked to OctaveShiftInter#12585{(0.229) staff:4 VENTIDUESIMA ALTA} at java.awt.Point[x=324,y=1150]
2026-08-03 18:44:43,921 INFO [clean_score_only#2]             KeyInter.java:1189 | No effective key before AlterInter#12703{(0.573) staff:5 NATURAL pitch:2.0}
2026-08-03 18:44:43,922 WARN [clean_score_only#2]             KeyInter.java:1174 | No effective clef before AlterInter#12674{(0.532) staff:6 SHARP pitch:5.0}
2026-08-03 18:44:43,922 WARN [clean_score_only#2]             KeyInter.java:1174 | No effective clef before AlterInter#12679{(0.799) staff:6 SHARP pitch:4.0}
2026-08-03 18:44:43,922 WARN [clean_score_only#2]             KeyInter.java:1174 | No effective clef before AlterInter#12695{(0.511) staff:6 NATURAL pitch:4.0}
2026-08-03 18:44:43,933 INFO [clean_score_only#2]        SentenceInter.java:463  | No chord near SentenceInter#10114{(0.531) staff:7 mFont:37 Direction} 23'
2026-08-03 18:44:43,968 INFO [clean_score_only#2]       StepMonitoring.java:98   | RHYTHMS
2026-08-03 18:44:43,968 INFO [clean_score_only#2]           PageRhythm.java:199  | {Page#2.1} Time value reused from sheet#1
2026-08-03 18:44:43,971 INFO [clean_score_only#2]        MeasureRhythm.java:1044 | Measure{#1P1} No timeOffset for HeadChordInter#10183{(0.910/0.910) staff:1 slot#7 dur:1/8}
2026-08-03 18:44:43,974 INFO [clean_score_only#2]                Voice.java:257  | Measure{#1P2} Voice{#1 excess:1/8} too long
2026-08-03 18:44:43,974 INFO [clean_score_only#2]                Voice.java:257  | Measure{#1P2} Voice{#2 excess:1/8} too long
2026-08-03 18:44:43,974 INFO [clean_score_only#2]          StackRhythm.java:224  | S1 MeasureStack#1 no correct rhythm
2026-08-03 18:44:43,975 INFO [clean_score_only#2]        MeasureRhythm.java:1044 | Measure{#2P1} No timeOffset for HeadChordInter#10190{(0.886/0.886) staff:1 slot#7 dur:1/8}
2026-08-03 18:44:43,976 INFO [clean_score_only#2]                Voice.java:257  | Measure{#2P1} Voice{#1 excess:1/8} too long
2026-08-03 18:44:43,977 INFO [clean_score_only#2]          StackRhythm.java:224  | S1 MeasureStack#2 no correct rhythm
2026-08-03 18:44:43,982 INFO [clean_score_only#2]        MeasureRhythm.java:1276 | Measure{#3P2} Time inconsistency in {5/8=[HeadChordInter#10212{(0.940/0.940) staff:2 slot#8 off:5/8 dur:1/4}], 3/4=[HeadChordInter#10239{(0.921/0.921) staff:3 slot#8 off:3/4 dur:1/8}]}
2026-08-03 18:44:43,983 INFO [clean_score_only#2]                Voice.java:257  | Measure{#3P2} Voice{#1 excess:1/8} too long
2026-08-03 18:44:43,983 INFO [clean_score_only#2]                Voice.java:257  | Measure{#3P2} Voice{#8 excess:1/8} too long
2026-08-03 18:44:43,983 INFO [clean_score_only#2]                Voice.java:257  | Measure{#3P2} Voice{#9 excess:1/8} too long
2026-08-03 18:44:43,983 INFO [clean_score_only#2]          StackRhythm.java:224  | S1 MeasureStack#3 no correct rhythm
2026-08-03 18:44:43,987 INFO [clean_score_only#2]        MeasureRhythm.java:1276 | Measure{#4P2} Time inconsistency in {1/4=[HeadChordInter#10246{(0.902/0.902) staff:3 slot#5 off:1/4 dur:1/16}], 5/16=[HeadChordInter#10219{(0.947/0.947) staff:2 slot#5 off:5/16 dur:1/8}]}
2026-08-03 18:44:43,987 INFO [clean_score_only#2]        MeasureRhythm.java:1276 | Measure{#4P2} Time inconsistency in {7/16=[HeadChordInter#10248{(0.856/0.856) staff:3 slot#8 off:7/16 dur:1/2}], 9/16=[HeadChordInter#10221{(0.953/0.953) staff:2 slot#8 off:9/16 dur:1/4}]}
2026-08-03 18:44:43,988 INFO [clean_score_only#2]                Voice.java:257  | Measure{#4P2} Voice{#1 excess:5/16} too long
2026-08-03 18:44:43,988 INFO [clean_score_only#2]                Voice.java:257  | Measure{#4P2} Voice{#5 excess:3/16} too long
2026-08-03 18:44:43,988 INFO [clean_score_only#2]                Voice.java:257  | Measure{#4P2} Voice{#2 excess:3/16} too long
2026-08-03 18:44:43,988 INFO [clean_score_only#2]          StackRhythm.java:224  | S1 MeasureStack#4 no correct rhythm
2026-08-03 18:44:43,993 INFO [clean_score_only#2]        MeasureRhythm.java:1044 | Measure{#6P2} No timeOffset for HeadChordInter#10298{(0.949/0.949) staff:6 slot#3 dur:1/8}
2026-08-03 18:44:43,994 INFO [clean_score_only#2]   AbstractChordInter.java:627  | Measure{#6P2} No timeOffset for HeadChordInter#10298{(0.949/0.949) staff:6 slot#3 dur:1/8}
2026-08-03 18:44:43,994 INFO [clean_score_only#2]        MeasureRhythm.java:1044 | Measure{#6P2} No timeOffset for HeadChordInter#10283{(0.911/0.911) staff:5 slot#10 dur:1/4}
2026-08-03 18:44:43,994 INFO [clean_score_only#2]                Voice.java:257  | Measure{#6P2} Voice{#6 excess:1/8} too long
2026-08-03 18:44:43,994 INFO [clean_score_only#2]          StackRhythm.java:224  | S2 MeasureStack#6 no correct rhythm
2026-08-03 18:44:43,999 INFO [clean_score_only#2]        MeasureRhythm.java:1044 | Measure{#7P2} No timeOffset for HeadChordInter#10286{(0.922/0.922) staff:5 slot#7 dur:3/16}
2026-08-03 18:44:43,999 INFO [clean_score_only#2]        MeasureRhythm.java:1044 | Measure{#7P2} No timeOffset for HeadChordInter#10308{(0.920/0.920) staff:6 slot#7 dur:1/4}
2026-08-03 18:44:43,999 INFO [clean_score_only#2]        MeasureRhythm.java:1044 | Measure{#7P2} No timeOffset for HeadChordInter#10309{(0.726/0.726) staff:6 slot#7 dur:1/2}
2026-08-03 18:44:44,000 INFO [clean_score_only#2]   AbstractChordInter.java:627  | Measure{#7P2} No timeOffset for HeadChordInter#10291{(0.892/0.892) staff:5 slot#14 dur:1/16}
2026-08-03 18:44:44,000 INFO [clean_score_only#2]   AbstractChordInter.java:627  | Measure{#7P2} No timeOffset for HeadChordInter#10308{(0.920/0.920) staff:6 slot#7 dur:1/4}
2026-08-03 18:44:44,000 INFO [clean_score_only#2]   AbstractChordInter.java:627  | Measure{#7P2} No timeOffset for HeadChordInter#10309{(0.726/0.726) staff:6 slot#7 dur:1/2}
2026-08-03 18:44:44,000 INFO [clean_score_only#2]   AbstractChordInter.java:627  | Measure{#7P2} No timeOffset for HeadChordInter#10291{(0.892/0.892) staff:5 slot#14 dur:1/16}
2026-08-03 18:44:44,000 INFO [clean_score_only#2]   AbstractChordInter.java:627  | Measure{#7P2} No timeOffset for HeadChordInter#10310{(0.945/0.945) staff:6 slot#8 dur:1/4}
2026-08-03 18:44:44,000 INFO [clean_score_only#2]   AbstractChordInter.java:627  | Measure{#7P2} No timeOffset for HeadChordInter#10309{(0.726/0.726) staff:6 slot#7 dur:1/2}
2026-08-03 18:44:44,001 INFO [clean_score_only#2]          StackRhythm.java:224  | S2 MeasureStack#7 no correct rhythm
2026-08-03 18:44:44,004 INFO [clean_score_only#2]        MeasureRhythm.java:1276 | Measure{#8P2} Time inconsistency in {1/4=[HeadChordInter#10338{(0.903/0.903) staff:8 slot#4 off:1/4 dur:1/8}], 5/16=[HeadChordInter#10372{(0.919/0.919) staff:9 slot#4 off:5/16 dur:1/16}]}
2026-08-03 18:44:44,005 INFO [clean_score_only#2]        MeasureRhythm.java:1276 | Measure{#8P2} Time inconsistency in {5/8=[HeadChordInter#10341{(0.871/0.871) staff:8 slot#9 off:5/8 dur:1/2}], 3/4=[HeadChordInter#10377{(0.855/0.855) staff:9 slot#9 off:3/4 dur:1/2}]}
2026-08-03 18:44:44,005 INFO [clean_score_only#2]                Voice.java:257  | Measure{#8P2} Voice{#1 excess:1/8} too long
2026-08-03 18:44:44,005 INFO [clean_score_only#2]                Voice.java:257  | Measure{#8P2} Voice{#6 excess:1/8} too long
2026-08-03 18:44:44,005 INFO [clean_score_only#2]                Voice.java:257  | Measure{#8P2} Voice{#8 excess:1/4} too long
2026-08-03 18:44:44,005 INFO [clean_score_only#2]          StackRhythm.java:224  | S3 MeasureStack#8 no correct rhythm
2026-08-03 18:44:44,011 INFO [clean_score_only#2]                Voice.java:257  | Measure{#10P1} Voice{#1 excess:1/8} too long
2026-08-03 18:44:44,015 INFO [clean_score_only#2]                Voice.java:257  | Measure{#10P2} Voice{#6 excess:3/8} too long
2026-08-03 18:44:44,016 INFO [clean_score_only#2]          StackRhythm.java:224  | S3 MeasureStack#10 no correct rhythm
2026-08-03 18:44:44,020 INFO [clean_score_only#2]        MeasureRhythm.java:1044 | Measure{#11P2} No timeOffset for HeadChordInter#10399{(0.874/0.874) staff:9 slot#9 dur:1/8}
2026-08-03 18:44:44,020 INFO [clean_score_only#2]   AbstractChordInter.java:627  | Measure{#11P2} No timeOffset for HeadChordInter#10399{(0.874/0.874) staff:9 slot#9 dur:1/8}
2026-08-03 18:44:44,020 INFO [clean_score_only#2]        MeasureRhythm.java:1044 | Measure{#11P2} No timeOffset for HeadChordInter#10369{(0.868/0.868) staff:8 slot#10 dur:1/4}
2026-08-03 18:44:44,020 INFO [clean_score_only#2]                Voice.java:257  | Measure{#11P2} Voice{#3 excess:1/8} too long
2026-08-03 18:44:44,021 INFO [clean_score_only#2]                Voice.java:257  | Measure{#11P2} Voice{#4 excess:3/8} too long
2026-08-03 18:44:44,021 INFO [clean_score_only#2]                Voice.java:257  | Measure{#11P2} Voice{#6 excess:3/8} too long
2026-08-03 18:44:44,021 INFO [clean_score_only#2]          StackRhythm.java:224  | S3 MeasureStack#11 no correct rhythm
2026-08-03 18:44:44,026 INFO [clean_score_only#2]        MeasureRhythm.java:1276 | Measure{#12P3} Time inconsistency in {3/8=[HeadChordInter#10468{(0.832/0.832) staff:13 slot#7 off:3/8 dur:1/8}], 1/2=[HeadChordInter#10435{(0.927/0.927) staff:12 slot#7 off:1/2 dur:1/8}]}
2026-08-03 18:44:44,026 INFO [clean_score_only#2]        MeasureRhythm.java:1044 | Measure{#12P3} No timeOffset for HeadChordInter#10470{(0.647/0.647) staff:13 slot#10 dur:1/2}
2026-08-03 18:44:44,026 INFO [clean_score_only#2]                Voice.java:257  | Measure{#12P3} Voice{#1 excess:5/16} too long
2026-08-03 18:44:44,027 INFO [clean_score_only#2]          StackRhythm.java:224  | S4 MeasureStack#12 no correct rhythm
2026-08-03 18:44:44,028 INFO [clean_score_only#2]                Voice.java:257  | Measure{#13P2} Voice{#1 excess:1/8} too long
2026-08-03 18:44:44,032 INFO [clean_score_only#2]        MeasureRhythm.java:1276 | Measure{#13P3} Time inconsistency in {1/16=[HeadChordInter#10474{(0.926/0.926) staff:13 slot#2 off:1/16 dur:1/16}], 1/8=[HeadChordInter#10443{(0.916/0.916) staff:12 slot#2 off:1/8 dur:1/8}]}
2026-08-03 18:44:44,032 INFO [clean_score_only#2]        MeasureRhythm.java:1276 | Measure{#13P3} Time inconsistency in {1/8=[HeadChordInter#10475{(0.848/0.848) staff:13 slot#3 off:1/8 dur:1/8}], 1/4=[HeadChordInter#10444{(0.953/0.953) staff:12 slot#3 off:1/4 dur:1/16}]}
2026-08-03 18:44:44,032 INFO [clean_score_only#2]        MeasureRhythm.java:1276 | Measure{#13P3} Time inconsistency in {1/4=[HeadChordInter#10476{(0.742/0.742) staff:13 slot#5 off:1/4 dur:1/4}], 3/8=[HeadChordInter#10446{(0.856/0.856) staff:12 slot#5 off:3/8 dur:1/4}]}
2026-08-03 18:44:44,033 INFO [clean_score_only#2]        MeasureRhythm.java:1276 | Measure{#13P3} Time inconsistency in {3/4=[HeadChordInter#10480{(0.861/0.861) staff:13 slot#10 off:3/4 dur:1/4}], 15/16=[HeadChordInter#10451{(0.870/0.870) staff:12 slot#10 off:15/16 dur:1/16}]}
2026-08-03 18:44:44,033 INFO [clean_score_only#2]                Voice.java:257  | Measure{#13P3} Voice{#1 excess:3/16} too long
2026-08-03 18:44:44,034 INFO [clean_score_only#2]          StackRhythm.java:224  | S4 MeasureStack#13 no correct rhythm
2026-08-03 18:44:44,034 INFO [clean_score_only#2]        MeasureRhythm.java:1044 | Measure{#14P1} No timeOffset for HeadChordInter#10412{(0.831/0.831) staff:10 slot#3 dur:1/4}
2026-08-03 18:44:44,039 INFO [clean_score_only#2]        MeasureRhythm.java:1276 | Measure{#14P3} Time inconsistency in {1/16=[HeadChordInter#10483{(0.895/0.895) staff:13 slot#2 off:1/16 dur:1/16}], 1/8=[HeadChordInter#10454{(0.908/0.908) staff:12 slot#2 off:1/8 dur:1/16}]}
2026-08-03 18:44:44,040 INFO [clean_score_only#2]        MeasureRhythm.java:1276 | Measure{#14P3} Time inconsistency in {1/8=[HeadChordInter#10484{(0.845/0.845) staff:13 slot#3 off:1/8 dur:1/8}], 3/16=[HeadChordInter#10455{(0.921/0.921) staff:12 slot#3 off:3/16 dur:1/16}]}
2026-08-03 18:44:44,040 INFO [clean_score_only#2]        MeasureRhythm.java:1276 | Measure{#14P3} Time inconsistency in {1/4=[HeadChordInter#10485{(0.819/0.819) staff:13 slot#5 off:1/4 dur:1/8}], 5/16=[HeadChordInter#10457{(0.939/0.939) staff:12 slot#5 off:5/16 dur:1/16}]}
2026-08-03 18:44:44,040 INFO [clean_score_only#2]        MeasureRhythm.java:1276 | Measure{#14P3} Time inconsistency in {3/4=[HeadChordInter#10462{(0.940/0.940) staff:12 slot#12 off:3/4 dur:1/8}], 7/8=[HeadChordInter#10493{(0.877/0.877) staff:13 slot#12 off:7/8 dur:1/4}]}
2026-08-03 18:44:44,041 INFO [clean_score_only#2]                Voice.java:257  | Measure{#14P3} Voice{#7 excess:1/8} too long
2026-08-03 18:44:44,041 INFO [clean_score_only#2]          StackRhythm.java:224  | S4 MeasureStack#14 no correct rhythm
2026-08-03 18:44:44,041 INFO [clean_score_only#2]       StepMonitoring.java:98   | PAGE
2026-08-03 18:44:44,043 INFO [clean_score_only#2]                Voice.java:257  | Measure{#1P3} Voice{#1 excess:1/8} too long
2026-08-03 18:44:44,043 INFO [clean_score_only#2]                Voice.java:257  | Measure{#1P3} Voice{#2 excess:1/8} too long
2026-08-03 18:44:44,043 INFO [clean_score_only#2]                Voice.java:257  | Measure{#2P2} Voice{#1 excess:1/8} too long
2026-08-03 18:44:44,043 INFO [clean_score_only#2]                Voice.java:257  | Measure{#3P3} Voice{#1 excess:1/8} too long
2026-08-03 18:44:44,043 INFO [clean_score_only#2]                Voice.java:257  | Measure{#3P3} Voice{#8 excess:1/8} too long
2026-08-03 18:44:44,044 INFO [clean_score_only#2]                Voice.java:257  | Measure{#3P3} Voice{#9 excess:1/8} too long
2026-08-03 18:44:44,044 INFO [clean_score_only#2]                Voice.java:257  | Measure{#4P3} Voice{#1 excess:5/16} too long
2026-08-03 18:44:44,044 INFO [clean_score_only#2]                Voice.java:257  | Measure{#4P3} Voice{#2 excess:3/16} too long
2026-08-03 18:44:44,044 INFO [clean_score_only#2]                Voice.java:257  | Measure{#4P3} Voice{#5 excess:3/16} too long
2026-08-03 18:44:44,044 INFO [clean_score_only#2]                Voice.java:257  | Measure{#6P3} Voice{#6 excess:1/8} too long
2026-08-03 18:44:44,044 INFO [clean_score_only#2]                Voice.java:257  | Measure{#8P3} Voice{#1 excess:1/8} too long
2026-08-03 18:44:44,044 INFO [clean_score_only#2]                Voice.java:257  | Measure{#8P3} Voice{#6 excess:1/8} too long
2026-08-03 18:44:44,044 INFO [clean_score_only#2]                Voice.java:257  | Measure{#8P3} Voice{#8 excess:1/4} too long
2026-08-03 18:44:44,044 INFO [clean_score_only#2]                Voice.java:257  | Measure{#10P2} Voice{#1 excess:1/8} too long
2026-08-03 18:44:44,044 INFO [clean_score_only#2]                Voice.java:257  | Measure{#10P3} Voice{#6 excess:3/8} too long
2026-08-03 18:44:44,044 INFO [clean_score_only#2]                Voice.java:257  | Measure{#11P3} Voice{#4 excess:1/8} too long
2026-08-03 18:44:44,045 INFO [clean_score_only#2]                Voice.java:257  | Measure{#11P3} Voice{#5 excess:3/8} too long
2026-08-03 18:44:44,045 INFO [clean_score_only#2]                Voice.java:257  | Measure{#11P3} Voice{#7 excess:3/8} too long
2026-08-03 18:44:44,045 INFO [clean_score_only#2]                Voice.java:257  | Measure{#12P3} Voice{#1 excess:5/16} too long
2026-08-03 18:44:44,045 INFO [clean_score_only#2]                Voice.java:257  | Measure{#13P2} Voice{#1 excess:1/8} too long
2026-08-03 18:44:44,045 INFO [clean_score_only#2]                Voice.java:257  | Measure{#13P3} Voice{#1 excess:3/16} too long
2026-08-03 18:44:44,045 INFO [clean_score_only#2]                Voice.java:257  | Measure{#14P3} Voice{#7 excess:1/8} too long
2026-08-03 18:44:44,046 INFO [clean_score_only#2]                 Book.java:2584 | Book{clean_score_only} storing
2026-08-03 18:44:44,126 INFO [clean_score_only#2]                 Book.java:2565 | Stored /book.xml
2026-08-03 18:44:44,193 INFO [clean_score_only#2]           DataHolder.java:348  | Stored /sheet#2/BINARY.png
2026-08-03 18:44:44,834 INFO [clean_score_only#2]                Sheet.java:1583 | Stored /sheet#2/sheet#2.xml
2026-08-03 18:44:44,835 INFO [clean_score_only#2]                 Book.java:2525 | Book stored as /tmp/pdf2mxl-up-dSZBHQ/audiveris-out/clean_score_only.omr
2026-08-03 18:44:44,849 INFO [clean_score_only#2]            SheetStub.java:1655 | Sheet#2 disposed
2026-08-03 18:44:44,875 INFO [clean_score_only#2]                 Book.java:2050 | End of Stub#2
2026-08-03 18:44:44,875 INFO [clean_score_only#3]       StepMonitoring.java:98   | LOAD
2026-08-03 18:44:45,103 INFO [clean_score_only#3]            SheetStub.java:1278 | Loaded image #3 2483x3508 from /tmp/pdf2mxl-up-dSZBHQ/clean_score_only.pdf
2026-08-03 18:44:45,103 INFO [clean_score_only#3]       StepMonitoring.java:98   | BINARY
2026-08-03 18:44:45,647 INFO [clean_score_only#3]       StepMonitoring.java:98   | SCALE
2026-08-03 18:44:45,650 INFO [clean_score_only#3]         ScaleBuilder.java:255  | Beam  guessed height: 10 -- mid of [6..14]
2026-08-03 18:44:45,650 INFO [clean_score_only#3]         ScaleBuilder.java:271  | Beam measured height:  8 -- 0.25 of [6..14] range at 372% of needed quorum
2026-08-03 18:44:45,650 INFO [clean_score_only#3]         ScaleBuilder.java:401  | Normalized black jitter: 20.00 %
2026-08-03 18:44:45,650 INFO [clean_score_only#3]            ScaleStep.java:65   | Scale{ interline(14,15,16) line(3,4,6) beam(8)}
2026-08-03 18:44:45,650 INFO [clean_score_only#3]       StepMonitoring.java:98   | GRID
2026-08-03 18:44:46,242 INFO [clean_score_only#3]       LinesRetriever.java:1500 | Global slope: 0.01200
2026-08-03 18:44:46,269 INFO [clean_score_only#3]    ClustersRetriever.java:326  | Retrieved raw line clusters: 12 of sizes [5] with interline(14,15,16)
2026-08-03 18:44:46,421 INFO [clean_score_only#3]            PeakGraph.java:310  | Systems: #1[1, 2, 3, 4] #2[5, 6, 7, 8] #3[9, 10, 11, 12]
2026-08-03 18:44:46,448 INFO [clean_score_only#3]        BarsRetriever.java:1305 | System#3
2026-08-03 18:44:46,448 INFO [clean_score_only#3]        BarsRetriever.java:1308 |    PartGroup{bracket number:1 barline:false staves:9-10}
2026-08-03 18:44:46,938 INFO [clean_score_only#3]        SystemManager.java:779  | 3 parts along 3 systems
2026-08-03 18:44:46,939 INFO [clean_score_only#3]       StepMonitoring.java:98   | HEADERS
2026-08-03 18:44:46,965 WARN [clean_score_only#3]          ClefBuilder.java:658  | Staff#2 no recognized header clef.
2026-08-03 18:44:47,108 WARN [clean_score_only#3]          ClefBuilder.java:658  | Staff#12 no recognized header clef.
2026-08-03 18:44:47,115 INFO [clean_score_only#3]       StepMonitoring.java:98   | STEM_SEEDS
2026-08-03 18:44:47,150 INFO [clean_score_only#3]        StemSeedsStep.java:86   | stem(4 max:5)
2026-08-03 18:44:47,163 INFO [clean_score_only#3]       StepMonitoring.java:98   | BEAMS
2026-08-03 18:44:49,131 INFO [clean_score_only#3]       StepMonitoring.java:98   | LEDGERS
2026-08-03 18:44:49,436 INFO [clean_score_only#3]       StepMonitoring.java:98   | HEADS
2026-08-03 18:44:53,796 INFO [clean_score_only#3]        HeadSeedTally.java:235  | Scale information: HeadSeeds{NOTEHEAD_VOID[L:-0.1,R:-0.7] NOTEHEAD_BLACK[L:-0.0,R:0.1]}
2026-08-03 18:44:53,797 INFO [clean_score_only#3]       StepMonitoring.java:98   | STEMS
2026-08-03 18:44:55,368 INFO [clean_score_only#3]       StepMonitoring.java:98   | REDUCTION
2026-08-03 18:44:55,517 INFO [clean_score_only#3]        ReductionStep.java:105  | Stems free length median value: 53 pixels, 3.5 interlines
2026-08-03 18:44:55,522 INFO [clean_score_only#3]       StepMonitoring.java:98   | CUE_BEAMS
2026-08-03 18:44:55,522 INFO [clean_score_only#3]         CueBeamsStep.java:81   | Step CUE_BEAMS is skipped because small heads switch is off
2026-08-03 18:44:55,522 INFO [clean_score_only#3]       StepMonitoring.java:98   | TEXTS
2026-08-03 18:44:55,972 INFO [clean_score_only#3]       StepMonitoring.java:98   | MEASURES
2026-08-03 18:44:55,974 INFO [clean_score_only#3]                 Page.java:307  | 10 raw measures: [3 in system#1, 3 in system#2, 4 in system#3]
2026-08-03 18:44:55,986 INFO [clean_score_only#3]       StepMonitoring.java:98   | CHORDS
2026-08-03 18:44:56,001 INFO [clean_score_only#3]       StepMonitoring.java:98   | CURVES
2026-08-03 18:44:56,714 INFO [clean_score_only#3]         SlursBuilder.java:240  | Slurs: 85
2026-08-03 18:44:56,730 INFO [clean_score_only#3]      SegmentsBuilder.java:155  | Segments: 44
2026-08-03 18:44:56,732 INFO [clean_score_only#3]       StepMonitoring.java:98   | SYMBOLS
2026-08-03 18:44:57,546 INFO [clean_score_only#3]       StepMonitoring.java:98   | LINKS
2026-08-03 18:44:57,578 INFO [clean_score_only#3]             KeyInter.java:1189 | No effective key before AlterInter#14474{(0.142) staff:7 NATURAL pitch:-4.0}
2026-08-03 18:44:57,604 WARN [clean_score_only#3]             KeyInter.java:1174 | No effective clef before AlterInter#14709{(0.145) staff:12 FLAT pitch:-2.0}
2026-08-03 18:44:57,623 INFO [clean_score_only#3]       StepMonitoring.java:98   | RHYTHMS
2026-08-03 18:44:57,623 INFO [clean_score_only#3]           PageRhythm.java:199  | {Page#3.1} Time value reused from sheet#1
2026-08-03 18:44:57,643 INFO [clean_score_only#3]                Voice.java:257  | Measure{#2P3} Voice{#2 excess:1/8} too long
2026-08-03 18:44:57,643 INFO [clean_score_only#3]          StackRhythm.java:224  | S1 MeasureStack#2 no correct rhythm
2026-08-03 18:44:57,652 INFO [clean_score_only#3]        MeasureRhythm.java:1044 | Measure{#3P3} No timeOffset for RestChordInter#14196{(0.691/0.691) staff:4 slot#14 dur:1/2}
2026-08-03 18:44:57,652 INFO [clean_score_only#3]   AbstractChordInter.java:627  | Measure{#3P3} No timeOffset for RestChordInter#14196{(0.691/0.691) staff:4 slot#14 dur:1/2}
2026-08-03 18:44:57,653 INFO [clean_score_only#3]   AbstractChordInter.java:627  | Measure{#3P3} No timeOffset for RestChordInter#14196{(0.691/0.691) staff:4 slot#14 dur:1/2}
2026-08-03 18:44:57,653 INFO [clean_score_only#3]   AbstractChordInter.java:627  | Measure{#3P3} No timeOffset for RestChordInter#14196{(0.691/0.691) staff:4 slot#14 dur:1/2}
2026-08-03 18:44:57,653 INFO [clean_score_only#3]   AbstractChordInter.java:627  | Measure{#3P3} No timeOffset for RestChordInter#14196{(0.691/0.691) staff:4 slot#14 dur:1/2}
2026-08-03 18:44:57,653 INFO [clean_score_only#3]                Voice.java:257  | Measure{#3P3} Voice{#6 excess:1/32} too long
2026-08-03 18:44:57,653 INFO [clean_score_only#3]                Voice.java:257  | Measure{#3P3} Voice{#2 excess:1/32} too long
2026-08-03 18:44:57,653 INFO [clean_score_only#3]                Voice.java:257  | Measure{#3P3} Voice{#8 excess:3/32} too long
2026-08-03 18:44:57,653 INFO [clean_score_only#3]                Voice.java:257  | Measure{#3P3} Voice{#9 excess:3/32} too long
2026-08-03 18:44:57,654 INFO [clean_score_only#3]          StackRhythm.java:224  | S1 MeasureStack#3 no correct rhythm
2026-08-03 18:44:57,669 INFO [clean_score_only#3]        MeasureRhythm.java:1044 | Measure{#5P3} No timeOffset for RestChordInter#14523{(0.778/0.778) staff:7 slot#5 dur:1/2}
2026-08-03 18:44:57,669 INFO [clean_score_only#3]        MeasureRhythm.java:1276 | Measure{#5P3} Time inconsistency in {1/4=[HeadChordInter#11785{(0.867/0.867) staff:8 slot#6 off:1/4 dur:1/4}], 5/16=[HeadChordInter#11746{(0.958/0.958) staff:7 slot#6 off:5/16 dur:1/8}]}
2026-08-03 18:44:57,669 INFO [clean_score_only#3]   AbstractChordInter.java:627  | Measure{#5P3} No timeOffset for RestChordInter#14523{(0.778/0.778) staff:7 slot#5 dur:1/2}
2026-08-03 18:44:57,670 INFO [clean_score_only#3]   AbstractChordInter.java:627  | Measure{#5P3} No timeOffset for HeadChordInter#11749{(0.953/0.953) staff:7 slot#11 dur:1/16}
2026-08-03 18:44:57,670 INFO [clean_score_only#3]   AbstractChordInter.java:627  | Measure{#5P3} No timeOffset for HeadChordInter#11749{(0.953/0.953) staff:7 slot#11 dur:1/16}
2026-08-03 18:44:57,670 INFO [clean_score_only#3]   AbstractChordInter.java:627  | Measure{#5P3} No timeOffset for HeadChordInter#11749{(0.953/0.953) staff:7 slot#11 dur:1/16}
2026-08-03 18:44:57,671 INFO [clean_score_only#3]          StackRhythm.java:224  | S2 MeasureStack#5 no correct rhythm
2026-08-03 18:44:57,680 INFO [clean_score_only#3]        MeasureRhythm.java:1044 | Measure{#7P3} No timeOffset for HeadChordInter#11878{(0.827/0.827) staff:12 slot#9 dur:1/4}
2026-08-03 18:44:57,681 INFO [clean_score_only#3]   AbstractChordInter.java:627  | Measure{#7P3} No timeOffset for HeadChordInter#11878{(0.827/0.827) staff:12 slot#9 dur:1/4}
2026-08-03 18:44:57,681 INFO [clean_score_only#3]   AbstractChordInter.java:627  | Measure{#7P3} No timeOffset for HeadChordInter#11878{(0.827/0.827) staff:12 slot#9 dur:1/4}
2026-08-03 18:44:57,681 INFO [clean_score_only#3]   AbstractChordInter.java:627  | Measure{#7P3} No timeOffset for HeadChordInter#11878{(0.827/0.827) staff:12 slot#9 dur:1/4}
2026-08-03 18:44:57,681 INFO [clean_score_only#3]                Voice.java:257  | Measure{#7P3} Voice{#1 excess:1/8} too long
2026-08-03 18:44:57,681 INFO [clean_score_only#3]                Voice.java:257  | Measure{#7P3} Voice{#8 excess:1/8} too long
2026-08-03 18:44:57,681 INFO [clean_score_only#3]                Voice.java:257  | Measure{#7P3} Voice{#10 excess:1/4} too long
2026-08-03 18:44:57,682 INFO [clean_score_only#3]          StackRhythm.java:224  | S3 MeasureStack#7 no correct rhythm
2026-08-03 18:44:57,686 INFO [clean_score_only#3]                Voice.java:257  | Measure{#8P3} Voice{#6 excess:1/32} too long
2026-08-03 18:44:57,686 INFO [clean_score_only#3]                Voice.java:257  | Measure{#8P3} Voice{#3 excess:1/32} too long
2026-08-03 18:44:57,686 INFO [clean_score_only#3]                Voice.java:257  | Measure{#8P3} Voice{#7 excess:5/32} too long
2026-08-03 18:44:57,686 INFO [clean_score_only#3]          StackRhythm.java:224  | S3 MeasureStack#8 no correct rhythm
2026-08-03 18:44:57,687 INFO [clean_score_only#3]        MeasureRhythm.java:1044 | Measure{#9P1} No timeOffset for HeadChordInter#11811{(0.926/0.926) staff:9 slot#4 dur:1/8}
2026-08-03 18:44:57,687 INFO [clean_score_only#3]                Voice.java:257  | Measure{#9P2} Voice{#1 excess:1/16} too long
2026-08-03 18:44:57,691 INFO [clean_score_only#3]        MeasureRhythm.java:1044 | Measure{#9P3} No timeOffset for RestChordInter#14759{(0.746/0.746) staff:11 slot#11 dur:1/2}
2026-08-03 18:44:57,692 INFO [clean_score_only#3]          StackRhythm.java:224  | S3 MeasureStack#9 no correct rhythm
2026-08-03 18:44:57,694 INFO [clean_score_only#3]       StepMonitoring.java:98   | PAGE
2026-08-03 18:44:57,696 INFO [clean_score_only#3]                Voice.java:257  | Measure{#2P3} Voice{#2 excess:1/8} too long
2026-08-03 18:44:57,696 INFO [clean_score_only#3]                Voice.java:257  | Measure{#3P3} Voice{#2 excess:1/32} too long
2026-08-03 18:44:57,696 INFO [clean_score_only#3]                Voice.java:257  | Measure{#3P3} Voice{#6 excess:1/32} too long
2026-08-03 18:44:57,696 INFO [clean_score_only#3]                Voice.java:257  | Measure{#3P3} Voice{#8 excess:3/32} too long
2026-08-03 18:44:57,696 INFO [clean_score_only#3]                Voice.java:257  | Measure{#3P3} Voice{#9 excess:3/32} too long
2026-08-03 18:44:57,697 INFO [clean_score_only#3]                Voice.java:257  | Measure{#7P3} Voice{#1 excess:1/8} too long
2026-08-03 18:44:57,697 INFO [clean_score_only#3]                Voice.java:257  | Measure{#7P3} Voice{#8 excess:1/8} too long
2026-08-03 18:44:57,697 INFO [clean_score_only#3]                Voice.java:257  | Measure{#7P3} Voice{#10 excess:1/4} too long
2026-08-03 18:44:57,697 INFO [clean_score_only#3]                Voice.java:257  | Measure{#8P3} Voice{#3 excess:1/32} too long
2026-08-03 18:44:57,697 INFO [clean_score_only#3]                Voice.java:257  | Measure{#8P3} Voice{#6 excess:1/32} too long
2026-08-03 18:44:57,697 INFO [clean_score_only#3]                Voice.java:257  | Measure{#8P3} Voice{#7 excess:5/32} too long
2026-08-03 18:44:57,697 INFO [clean_score_only#3]                Voice.java:257  | Measure{#9P2} Voice{#1 excess:1/16} too long
2026-08-03 18:44:57,698 INFO [clean_score_only#3]                 Book.java:2584 | Book{clean_score_only} storing
2026-08-03 18:44:57,788 INFO [clean_score_only#3]                 Book.java:2565 | Stored /book.xml
2026-08-03 18:44:57,852 INFO [clean_score_only#3]           DataHolder.java:348  | Stored /sheet#3/BINARY.png
2026-08-03 18:44:58,578 INFO [clean_score_only#3]                Sheet.java:1583 | Stored /sheet#3/sheet#3.xml
2026-08-03 18:44:58,578 INFO [clean_score_only#3]                 Book.java:2525 | Book stored as /tmp/pdf2mxl-up-dSZBHQ/audiveris-out/clean_score_only.omr
2026-08-03 18:44:58,580 INFO [clean_score_only#3]            SheetStub.java:1655 | Sheet#3 disposed
2026-08-03 18:44:58,605 INFO [clean_score_only#3]                 Book.java:2050 | End of Stub#3
2026-08-03 18:44:58,605 INFO [clean_score_only#4]       StepMonitoring.java:98   | LOAD
2026-08-03 18:44:58,856 INFO [clean_score_only#4]            SheetStub.java:1278 | Loaded image #4 2483x3508 from /tmp/pdf2mxl-up-dSZBHQ/clean_score_only.pdf
2026-08-03 18:44:58,856 INFO [clean_score_only#4]       StepMonitoring.java:98   | BINARY
2026-08-03 18:44:59,401 INFO [clean_score_only#4]       StepMonitoring.java:98   | SCALE
2026-08-03 18:44:59,404 INFO [clean_score_only#4]         ScaleBuilder.java:255  | Beam  guessed height: 10 -- mid of [6..14]
2026-08-03 18:44:59,404 INFO [clean_score_only#4]         ScaleBuilder.java:271  | Beam measured height:  8 -- 0.25 of [6..14] range at 327% of needed quorum
2026-08-03 18:44:59,404 INFO [clean_score_only#4]         ScaleBuilder.java:401  | Normalized black jitter: 20.00 %
2026-08-03 18:44:59,404 INFO [clean_score_only#4]            ScaleStep.java:65   | Scale{ interline(14,15,16) line(3,4,6) beam(8)}
2026-08-03 18:44:59,404 INFO [clean_score_only#4]       StepMonitoring.java:98   | GRID
2026-08-03 18:45:00,160 INFO [clean_score_only#4]       LinesRetriever.java:1500 | Global slope: 0.01563
2026-08-03 18:45:00,197 INFO [clean_score_only#4]    ClustersRetriever.java:326  | Retrieved raw line clusters: 14 of sizes [5] with interline(14,15,16)
2026-08-03 18:45:00,382 INFO [clean_score_only#4]            PeakGraph.java:310  | Systems: #1[1, 2, 3, 4] #2[5, 6] #3[7, 8, 9, 10] #4[11, 12, 13, 14]
2026-08-03 18:45:00,404 INFO [clean_score_only#4]        BarsRetriever.java:1305 | System#4
2026-08-03 18:45:00,405 INFO [clean_score_only#4]        BarsRetriever.java:1308 |    PartGroup{bracket number:1 barline:false staves:11-12}
2026-08-03 18:45:00,899 INFO [clean_score_only#4]        SystemManager.java:779  | 3 parts along 4 systems
2026-08-03 18:45:00,900 INFO [clean_score_only#4]       StepMonitoring.java:98   | HEADERS
2026-08-03 18:45:01,081 WARN [clean_score_only#4]          ClefBuilder.java:658  | Staff#12 no recognized header clef.
2026-08-03 18:45:01,130 INFO [clean_score_only#4]       StepMonitoring.java:98   | STEM_SEEDS
2026-08-03 18:45:01,165 INFO [clean_score_only#4]        StemSeedsStep.java:86   | stem(4 max:5)
2026-08-03 18:45:01,179 INFO [clean_score_only#4]       StepMonitoring.java:98   | BEAMS
2026-08-03 18:45:03,142 INFO [clean_score_only#4]       StepMonitoring.java:98   | LEDGERS
2026-08-03 18:45:03,497 INFO [clean_score_only#4]       StepMonitoring.java:98   | HEADS
2026-08-03 18:45:08,189 INFO [clean_score_only#4]        HeadSeedTally.java:235  | Scale information: HeadSeeds{NOTEHEAD_VOID[L:-0.3,R:-0.6] NOTEHEAD_BLACK[L:0.0,R:0.1]}
2026-08-03 18:45:08,189 INFO [clean_score_only#4]       StepMonitoring.java:98   | STEMS
2026-08-03 18:45:09,269 INFO [clean_score_only#4]           BeamLinker.java:1729 | Not linking shorter BeamInter#3188{(0.260) BEAM}
2026-08-03 18:45:09,269 INFO [clean_score_only#4]           BeamLinker.java:1729 | Not linking shorter BeamInter#3218{(0.469/0.836) BEAM}
2026-08-03 18:45:09,528 INFO [clean_score_only#4]       StepMonitoring.java:98   | REDUCTION
2026-08-03 18:45:09,646 INFO [clean_score_only#4]       BeamGroupInter.java:1123 | Separating beams BeamInter#3188{(0.260/0.746) BEAM} and BeamInter#3190{(0.601/0.943) BEAM}
2026-08-03 18:45:09,650 INFO [clean_score_only#4]        ReductionStep.java:105  | Stems free length median value: 52 pixels, 3.5 interlines
2026-08-03 18:45:09,654 INFO [clean_score_only#4]       StepMonitoring.java:98   | CUE_BEAMS
2026-08-03 18:45:09,655 INFO [clean_score_only#4]         CueBeamsStep.java:81   | Step CUE_BEAMS is skipped because small heads switch is off
2026-08-03 18:45:09,655 INFO [clean_score_only#4]       StepMonitoring.java:98   | TEXTS
2026-08-03 18:45:10,696 INFO [clean_score_only#4]       StepMonitoring.java:98   | MEASURES
2026-08-03 18:45:10,697 INFO [clean_score_only#4]                 Page.java:307  | 16 raw measures: [4 in system#1, 4 in system#2, 4 in system#3, 4 in system#4]
2026-08-03 18:45:10,709 INFO [clean_score_only#4]       StepMonitoring.java:98   | CHORDS
2026-08-03 18:45:10,719 INFO [clean_score_only#4]       StepMonitoring.java:98   | CURVES
2026-08-03 18:45:11,446 INFO [clean_score_only#4]         SlursBuilder.java:240  | Slurs: 82
2026-08-03 18:45:11,470 INFO [clean_score_only#4]      SegmentsBuilder.java:155  | Segments: 56
2026-08-03 18:45:11,475 WARN [clean_score_only#4]                 Book.java:2044 | Error processing stub
2026-08-03 18:45:11,475 INFO [clean_score_only#4]                 Book.java:2584 | Book{clean_score_only} storing
2026-08-03 18:45:11,563 INFO [clean_score_only#4]                 Book.java:2565 | Stored /book.xml
2026-08-03 18:45:11,640 INFO [clean_score_only#4]           DataHolder.java:348  | Stored /sheet#4/BINARY.png
2026-08-03 18:45:12,229 INFO [clean_score_only#4]                Sheet.java:1583 | Stored /sheet#4/sheet#4.xml
2026-08-03 18:45:12,229 INFO [clean_score_only#4]                 Book.java:2525 | Book stored as /tmp/pdf2mxl-up-dSZBHQ/audiveris-out/clean_score_only.omr
2026-08-03 18:45:12,232 INFO [clean_score_only#4]            SheetStub.java:1655 | Sheet#4 disposed
2026-08-03 18:45:12,256 INFO [clean_score_only#4]                 Book.java:2050 | End of Stub#4
2026-08-03 18:45:12,257 INFO [clean_score_only#5]       StepMonitoring.java:98   | LOAD
2026-08-03 18:45:12,483 INFO [clean_score_only#5]            SheetStub.java:1278 | Loaded image #5 2483x3508 from /tmp/pdf2mxl-up-dSZBHQ/clean_score_only.pdf
2026-08-03 18:45:12,484 INFO [clean_score_only#5]       StepMonitoring.java:98   | BINARY
2026-08-03 18:45:13,026 INFO [clean_score_only#5]       StepMonitoring.java:98   | SCALE
2026-08-03 18:45:13,029 INFO [clean_score_only#5]         ScaleBuilder.java:255  | Beam  guessed height: 10 -- mid of [6..14]
2026-08-03 18:45:13,029 INFO [clean_score_only#5]         ScaleBuilder.java:271  | Beam measured height:  8 -- 0.25 of [6..14] range at 334% of needed quorum
2026-08-03 18:45:13,029 INFO [clean_score_only#5]         ScaleBuilder.java:401  | Normalized black jitter: 20.00 %
2026-08-03 18:45:13,029 INFO [clean_score_only#5]            ScaleStep.java:65   | Scale{ interline(14,15,16) line(3,4,6) beam(8)}
2026-08-03 18:45:13,029 INFO [clean_score_only#5]       StepMonitoring.java:98   | GRID
2026-08-03 18:45:13,727 INFO [clean_score_only#5]       LinesRetriever.java:1500 | Global slope: 0.02188
2026-08-03 18:45:13,747 INFO [clean_score_only#5]    ClustersRetriever.java:326  | Retrieved raw line clusters: 12 of sizes [5] with interline(14,15,16)
2026-08-03 18:45:13,887 INFO [clean_score_only#5]            PeakGraph.java:310  | Systems: #1[1, 2, 3, 4] #2[5, 6, 7, 8] #3[9, 10, 11, 12]
2026-08-03 18:45:13,914 INFO [clean_score_only#5]        BarsRetriever.java:1305 | System#3
2026-08-03 18:45:13,914 INFO [clean_score_only#5]        BarsRetriever.java:1308 |    PartGroup{bracket number:1 barline:false staves:9-10}
2026-08-03 18:45:14,352 INFO [clean_score_only#5]        SystemManager.java:779  | 3 parts along 3 systems
2026-08-03 18:45:14,352 INFO [clean_score_only#5]       StepMonitoring.java:98   | HEADERS
2026-08-03 18:45:14,562 WARN [clean_score_only#5]          ClefBuilder.java:658  | Staff#12 no recognized header clef.
2026-08-03 18:45:14,569 INFO [clean_score_only#5]       StepMonitoring.java:98   | STEM_SEEDS
2026-08-03 18:45:14,602 INFO [clean_score_only#5]        StemSeedsStep.java:86   | stem(4 max:6)
2026-08-03 18:45:14,614 INFO [clean_score_only#5]       StepMonitoring.java:98   | BEAMS
2026-08-03 18:45:16,537 INFO [clean_score_only#5]       StepMonitoring.java:98   | LEDGERS
2026-08-03 18:45:16,810 INFO [clean_score_only#5]       StepMonitoring.java:98   | HEADS
2026-08-03 18:45:21,307 INFO [clean_score_only#5]        HeadSeedTally.java:235  | Scale information: HeadSeeds{NOTEHEAD_VOID[L:-0.0,R:-0.6] NOTEHEAD_BLACK[L:0.2,R:0.3]}
2026-08-03 18:45:21,307 INFO [clean_score_only#5]       StepMonitoring.java:98   | STEMS
2026-08-03 18:45:21,712 INFO [clean_score_only#5]           BeamLinker.java:1729 | Not linking shorter BeamHookInter#2311{(0.555/0.855) BEAM_HOOK}
2026-08-03 18:45:21,712 INFO [clean_score_only#5]           BeamLinker.java:1729 | Not linking shorter BeamInter#2313{(0.501/0.826) BEAM}
2026-08-03 18:45:22,897 INFO [clean_score_only#5]       StepMonitoring.java:98   | REDUCTION
2026-08-03 18:45:23,026 INFO [clean_score_only#5]        ReductionStep.java:105  | Stems free length median value: 53 pixels, 3.5 interlines
2026-08-03 18:45:23,030 INFO [clean_score_only#5]       StepMonitoring.java:98   | CUE_BEAMS
2026-08-03 18:45:23,031 INFO [clean_score_only#5]         CueBeamsStep.java:81   | Step CUE_BEAMS is skipped because small heads switch is off
2026-08-03 18:45:23,031 INFO [clean_score_only#5]       StepMonitoring.java:98   | TEXTS
2026-08-03 18:45:23,602 INFO [clean_score_only#5]       StepMonitoring.java:98   | MEASURES
2026-08-03 18:45:23,602 INFO [clean_score_only#5]      MeasuresBuilder.java:416  | S2 partial barline column: s7:G(x:884,y:1946)[58] s8:G(x:877,y:2165)[66]
2026-08-03 18:45:23,603 INFO [clean_score_only#5]      MeasuresBuilder.java:428  | S2 deleting   half column: s7:G(x:884,y:1946)[58] s8:G(x:877,y:2165)[66]
2026-08-03 18:45:23,603 INFO [clean_score_only#5]                 Page.java:307  | 9 raw measures: [3 in system#1, 2 in system#2, 4 in system#3]
2026-08-03 18:45:23,603 INFO [clean_score_only#5]       StepMonitoring.java:98   | CHORDS
2026-08-03 18:45:23,611 INFO [clean_score_only#5]       StepMonitoring.java:98   | CURVES
2026-08-03 18:45:24,225 INFO [clean_score_only#5]         SlursBuilder.java:240  | Slurs: 58
2026-08-03 18:45:24,251 INFO [clean_score_only#5]      SegmentsBuilder.java:155  | Segments: 59
2026-08-03 18:45:24,261 INFO [clean_score_only#5]       StepMonitoring.java:98   | SYMBOLS
2026-08-03 18:45:25,094 INFO [clean_score_only#5]       StepMonitoring.java:98   | LINKS
2026-08-03 18:45:25,132 WARN [clean_score_only#5]             KeyInter.java:1174 | No effective clef before AlterInter#14898{(0.312) staff:12 FLAT pitch:-2.0}
2026-08-03 18:45:25,132 WARN [clean_score_only#5]             KeyInter.java:1174 | No effective clef before AlterInter#14959{(0.573) staff:12 FLAT pitch:-2.0}
2026-08-03 18:45:25,158 INFO [clean_score_only#5]       StepMonitoring.java:98   | RHYTHMS
2026-08-03 18:45:25,158 INFO [clean_score_only#5]           PageRhythm.java:205  | {Page#5.1} Time value not yet available in sheet#4
2026-08-03 18:45:25,165 INFO [clean_score_only#5]        MeasureRhythm.java:1276 | Measure{#1P3} Time inconsistency in {1/16=[HeadChordInter#11966{(0.933/0.933) staff:3 slot#2 off:1/16 dur:1/16}], 3/32=[HeadChordInter#11996{(0.887/0.887) staff:4 slot#2 off:3/32 dur:1/16}]}
2026-08-03 18:45:25,165 INFO [clean_score_only#5]        MeasureRhythm.java:1276 | Measure{#1P3} Time inconsistency in {1/8=[HeadChordInter#11968{(0.921/0.921) staff:3 slot#3 off:1/8 dur:1/16}], 5/32=[HeadChordInter#11967{(0.945/0.945) staff:3 slot#3 off:5/32 dur:1/8}]}
2026-08-03 18:45:25,165 INFO [clean_score_only#5]        MeasureRhythm.java:1276 | Measure{#1P3} Time inconsistency in {1/4=[HeadChordInter#11970{(0.940/0.940) staff:3 slot#5 off:1/4 dur:1/16}], 9/32=[HeadChordInter#11971{(0.874/0.874) staff:3 slot#5 off:9/32 dur:3/4}]}
2026-08-03 18:45:25,167 INFO [clean_score_only#5]        MeasureRhythm.java:1044 | Measure{#2P1} No timeOffset for HeadChordInter#11930{(0.929/0.929) staff:1 slot#4 dur:1/4}
2026-08-03 18:45:25,170 INFO [clean_score_only#5]          StackRhythm.java:224  | S1 MeasureStack#2 no correct rhythm
2026-08-03 18:45:25,205 INFO [clean_score_only#5]        MeasureRhythm.java:1276 | Measure{#7P3} Time inconsistency in {21/32=[HeadChordInter#12184{(0.961/0.961) staff:11 slot#10 off:21/32 dur:1/16}], 11/16=[HeadChordInter#12218{(0.937/0.937) staff:12 slot#10 off:11/16 dur:1/16}]}
2026-08-03 18:45:25,210 INFO [clean_score_only#5]        MeasureRhythm.java:1276 | Measure{#8P3} Time inconsistency in {3/4=[HeadChordInter#12198{(0.925/0.925) staff:11 slot#11 off:3/4 dur:1/8}], 7/8=[HeadChordInter#12226{(0.928/0.928) staff:12 slot#11 off:7/8 dur:1/4}]}
2026-08-03 18:45:25,213 INFO [clean_score_only#5]       StepMonitoring.java:98   | PAGE
2026-08-03 18:45:25,215 WARN [clean_score_only#5]         MeasureFixer.java:343  | System#1 No target duration for measures local IDs [1, 2, 3], please check time signatures
2026-08-03 18:45:25,215 WARN [clean_score_only#5]         MeasureFixer.java:343  | System#2 No target duration for measures local IDs [4, 5], please check time signatures
2026-08-03 18:45:25,216 WARN [clean_score_only#5]         MeasureFixer.java:343  | System#3 No target duration for measures local IDs [6, 7, 8, 9], please check time signatures
2026-08-03 18:45:25,216 INFO [clean_score_only#5]                 Book.java:2584 | Book{clean_score_only} storing
2026-08-03 18:45:25,303 INFO [clean_score_only#5]                 Book.java:2565 | Stored /book.xml
2026-08-03 18:45:25,372 INFO [clean_score_only#5]           DataHolder.java:348  | Stored /sheet#5/BINARY.png
2026-08-03 18:45:26,115 INFO [clean_score_only#5]                Sheet.java:1583 | Stored /sheet#5/sheet#5.xml
2026-08-03 18:45:26,115 INFO [clean_score_only#5]                 Book.java:2525 | Book stored as /tmp/pdf2mxl-up-dSZBHQ/audiveris-out/clean_score_only.omr
2026-08-03 18:45:26,118 INFO [clean_score_only#5]            SheetStub.java:1655 | Sheet#5 disposed
2026-08-03 18:45:26,142 INFO [clean_score_only#5]                 Book.java:2050 | End of Stub#5
2026-08-03 18:45:26,143 INFO [clean_score_only#6]       StepMonitoring.java:98   | LOAD
2026-08-03 18:45:26,366 INFO [clean_score_only#6]            SheetStub.java:1278 | Loaded image #6 2483x3508 from /tmp/pdf2mxl-up-dSZBHQ/clean_score_only.pdf
2026-08-03 18:45:26,367 INFO [clean_score_only#6]       StepMonitoring.java:98   | BINARY
2026-08-03 18:45:26,896 INFO [clean_score_only#6]       StepMonitoring.java:98   | SCALE
2026-08-03 18:45:26,898 INFO [clean_score_only#6]         ScaleBuilder.java:255  | Beam  guessed height: 10 -- mid of [6..14]
2026-08-03 18:45:26,898 INFO [clean_score_only#6]         ScaleBuilder.java:271  | Beam measured height:  8 -- 0.25 of [6..14] range at 250% of needed quorum
2026-08-03 18:45:26,898 INFO [clean_score_only#6]         ScaleBuilder.java:401  | Normalized black jitter: 26.67 %
2026-08-03 18:45:26,898 INFO [clean_score_only#6]            ScaleStep.java:65   | Scale{ interline(14,15,16) line(2,4,6) beam(8)}
2026-08-03 18:45:26,898 INFO [clean_score_only#6]       StepMonitoring.java:98   | GRID
2026-08-03 18:45:27,344 INFO [clean_score_only#6]       LinesRetriever.java:1500 | Global slope: 0.01646
2026-08-03 18:45:27,359 INFO [clean_score_only#6]    ClustersRetriever.java:326  | Retrieved raw line clusters: 10 of sizes [5] with interline(14,15,16)
2026-08-03 18:45:27,468 INFO [clean_score_only#6]            PeakGraph.java:310  | Systems: #1[1, 2, 3, 4] #2[5, 6, 7, 8, 9, 10]
2026-08-03 18:45:27,468 WARN [clean_score_only#6]        BarsRetriever.java:1294 | No startColumn found for multi-staff System#1
2026-08-03 18:45:27,486 INFO [clean_score_only#6]        BarsRetriever.java:1305 | System#2
2026-08-03 18:45:27,486 INFO [clean_score_only#6]        BarsRetriever.java:1308 |    PartGroup{bracket number:1 barline:false staves:5-8}
2026-08-03 18:45:27,830 INFO [clean_score_only#6]        SystemManager.java:134  | Indentation detected for system #1
2026-08-03 18:45:27,830 INFO [clean_score_only#6]        SystemManager.java:779  | 5 parts along 2 systems
2026-08-03 18:45:27,831 INFO [clean_score_only#6]       StepMonitoring.java:98   | HEADERS
2026-08-03 18:45:27,975 WARN [clean_score_only#6]          ClefBuilder.java:658  | Staff#8 no recognized header clef.
2026-08-03 18:45:27,997 INFO [clean_score_only#6]       StepMonitoring.java:98   | STEM_SEEDS
2026-08-03 18:45:28,027 INFO [clean_score_only#6]        StemSeedsStep.java:86   | stem(4 max:5)
2026-08-03 18:45:28,037 INFO [clean_score_only#6]       StepMonitoring.java:98   | BEAMS
2026-08-03 18:45:29,775 INFO [clean_score_only#6]       StepMonitoring.java:98   | LEDGERS
2026-08-03 18:45:29,995 INFO [clean_score_only#6]       StepMonitoring.java:98   | HEADS
2026-08-03 18:45:33,379 INFO [clean_score_only#6]        HeadSeedTally.java:235  | Scale information: HeadSeeds{NOTEHEAD_VOID[L:-0.3,R:-0.7] NOTEHEAD_BLACK[L:0.0,R:-0.1]}
2026-08-03 18:45:33,379 INFO [clean_score_only#6]       StepMonitoring.java:98   | STEMS
2026-08-03 18:45:34,873 INFO [clean_score_only#6]           BeamLinker.java:1729 | Not linking shorter BeamInter#2101{(0.595) BEAM}
2026-08-03 18:45:34,886 INFO [clean_score_only#6]       StepMonitoring.java:98   | REDUCTION
2026-08-03 18:45:34,999 INFO [clean_score_only#6]        ReductionStep.java:105  | Stems free length median value: 53 pixels, 3.5 interlines
2026-08-03 18:45:35,002 INFO [clean_score_only#6]       StepMonitoring.java:98   | CUE_BEAMS
2026-08-03 18:45:35,002 INFO [clean_score_only#6]         CueBeamsStep.java:81   | Step CUE_BEAMS is skipped because small heads switch is off
2026-08-03 18:45:35,002 INFO [clean_score_only#6]       StepMonitoring.java:98   | TEXTS
2026-08-03 18:45:36,149 INFO [clean_score_only#6]       StepMonitoring.java:98   | MEASURES
2026-08-03 18:45:36,149 INFO [clean_score_only#6]      MeasuresBuilder.java:416  | S2 partial barline column: s10:G(x:246,y:3215)[86]
2026-08-03 18:45:36,150 INFO [clean_score_only#6]      MeasuresBuilder.java:420  | S2 deleting  minor column: s10:G(x:246,y:3215)[86]
2026-08-03 18:45:36,150 INFO [clean_score_only#6]      MeasuresBuilder.java:416  | S2 partial barline column: s5:G(x:294,y:1880)[30] s6:G(x:284,y:2155)[42] s7:G(x:274,y:2426)[54] s8:G(x:265,y:2700)[66] s9:G(x:254,y:2999)[76]
2026-08-03 18:45:36,150 INFO [clean_score_only#6]      MeasuresBuilder.java:424  | S2 expanding major column: s5:G(x:294,y:1880)[30] s6:G(x:284,y:2155)[42] s7:G(x:274,y:2426)[54] s8:G(x:265,y:2700)[66] s9:G(x:254,y:2999)[76]
2026-08-03 18:45:36,150 INFO [clean_score_only#6]                 Page.java:307  | 7 raw measures: [3 in system#1, 4 in system#2]
2026-08-03 18:45:36,150 INFO [clean_score_only#6]       StepMonitoring.java:98   | CHORDS
2026-08-03 18:45:36,168 INFO [clean_score_only#6]       StepMonitoring.java:98   | CURVES
2026-08-03 18:45:36,716 INFO [clean_score_only#6]         SlursBuilder.java:240  | Slurs: 33
2026-08-03 18:45:36,741 INFO [clean_score_only#6]      SegmentsBuilder.java:155  | Segments: 39
2026-08-03 18:45:36,830 INFO [clean_score_only#6]    RehearsalsBuilder.java:229  | RehearsalInter#10101{(0.615) staff:5 mFont:BMS-68 Rehearsal enclosure:java.awt.Rectangle[x=780,y=1733,width=61,height=72]}
2026-08-03 18:45:36,832 INFO [clean_score_only#6]       StepMonitoring.java:98   | SYMBOLS
2026-08-03 18:45:37,632 INFO [clean_score_only#6]       StepMonitoring.java:98   | LINKS
2026-08-03 18:45:37,648 INFO [clean_score_only#6]             KeyInter.java:1189 | No effective key before AlterInter#11855{(0.757) staff:9 NATURAL pitch:-1.0}
2026-08-03 18:45:37,648 INFO [clean_score_only#6]             KeyInter.java:1189 | No effective key before AlterInter#11954{(0.129) staff:9 NATURAL pitch:-6.0}
2026-08-03 18:45:37,675 INFO [clean_score_only#6]       StepMonitoring.java:98   | RHYTHMS
2026-08-03 18:45:37,704 INFO [clean_score_only#6]        MeasureRhythm.java:1276 | Measure{#6P5} Time inconsistency in {1/4=[HeadChordInter#9553{(0.928/0.928) staff:9 slot#3 off:1/4 dur:1/4}], 5/16=[HeadChordInter#9597{(0.948/0.948) staff:10 slot#3 off:5/16 dur:1/8}]}
2026-08-03 18:45:37,714 INFO [clean_score_only#6]       StepMonitoring.java:98   | PAGE
2026-08-03 18:45:37,715 WARN [clean_score_only#6]         MeasureFixer.java:343  | System#1 No target duration for measures local IDs [1, 2, 3], please check time signatures
2026-08-03 18:45:37,716 WARN [clean_score_only#6]         MeasureFixer.java:343  | System#2 No target duration for measures local IDs [4, 5, 6, 7], please check time signatures
2026-08-03 18:45:37,716 INFO [clean_score_only#6]                 Book.java:2584 | Book{clean_score_only} storing
2026-08-03 18:45:37,794 INFO [clean_score_only#6]                 Book.java:2565 | Stored /book.xml
2026-08-03 18:45:37,856 INFO [clean_score_only#6]           DataHolder.java:348  | Stored /sheet#6/BINARY.png
2026-08-03 18:45:38,408 INFO [clean_score_only#6]                Sheet.java:1583 | Stored /sheet#6/sheet#6.xml
2026-08-03 18:45:38,409 INFO [clean_score_only#6]                 Book.java:2525 | Book stored as /tmp/pdf2mxl-up-dSZBHQ/audiveris-out/clean_score_only.omr
2026-08-03 18:45:38,412 INFO [clean_score_only#6]            SheetStub.java:1655 | Sheet#6 disposed
2026-08-03 18:45:38,437 INFO [clean_score_only#6]                 Book.java:2050 | End of Stub#6
2026-08-03 18:45:38,437 INFO [clean_score_only#7]       StepMonitoring.java:98   | LOAD
2026-08-03 18:45:38,660 INFO [clean_score_only#7]            SheetStub.java:1278 | Loaded image #7 2483x3508 from /tmp/pdf2mxl-up-dSZBHQ/clean_score_only.pdf
2026-08-03 18:45:38,660 INFO [clean_score_only#7]       StepMonitoring.java:98   | BINARY
2026-08-03 18:45:39,192 INFO [clean_score_only#7]       StepMonitoring.java:98   | SCALE
2026-08-03 18:45:39,195 INFO [clean_score_only#7]         ScaleBuilder.java:255  | Beam  guessed height: 10 -- mid of [6..14]
2026-08-03 18:45:39,195 INFO [clean_score_only#7]         ScaleBuilder.java:271  | Beam measured height:  8 -- 0.25 of [6..14] range at 294% of needed quorum
2026-08-03 18:45:39,195 INFO [clean_score_only#7]         ScaleBuilder.java:401  | Normalized black jitter: 20.00 %
2026-08-03 18:45:39,195 INFO [clean_score_only#7]            ScaleStep.java:65   | Scale{ interline(14,15,16) line(3,4,6) beam(8)}
2026-08-03 18:45:39,195 INFO [clean_score_only#7]       StepMonitoring.java:98   | GRID
2026-08-03 18:45:39,646 INFO [clean_score_only#7]       LinesRetriever.java:1500 | Global slope: 0.01268
2026-08-03 18:45:39,671 INFO [clean_score_only#7]    ClustersRetriever.java:326  | Retrieved raw line clusters: 10 of sizes [5] with interline(14,15,16)
2026-08-03 18:45:39,770 INFO [clean_score_only#7]            PeakGraph.java:310  | Systems: #1[1, 2, 3, 4, 5, 6] #2[7, 8, 9, 10]
2026-08-03 18:45:39,771 WARN [clean_score_only#7]        BarsRetriever.java:1294 | No startColumn found for multi-staff System#1
2026-08-03 18:45:39,788 INFO [clean_score_only#7]        BarsRetriever.java:769  | No brace partner at level:2 for Peak{199-229 F#7821 T#7 [BRACE]}
2026-08-03 18:45:39,789 INFO [clean_score_only#7]        BarsRetriever.java:1305 | System#2
2026-08-03 18:45:39,789 INFO [clean_score_only#7]        BarsRetriever.java:1308 |    PartGroup{bracket number:1 barline:false staves:7-8}
2026-08-03 18:45:40,173 INFO [clean_score_only#7]        SystemManager.java:779  | 6 parts along 2 systems
2026-08-03 18:45:40,174 INFO [clean_score_only#7]       StepMonitoring.java:98   | HEADERS
2026-08-03 18:45:40,364 INFO [clean_score_only#7]       StepMonitoring.java:98   | STEM_SEEDS
2026-08-03 18:45:40,396 INFO [clean_score_only#7]        StemSeedsStep.java:86   | stem(4 max:5)
2026-08-03 18:45:40,411 INFO [clean_score_only#7]       StepMonitoring.java:98   | BEAMS
2026-08-03 18:45:42,126 INFO [clean_score_only#7]       StepMonitoring.java:98   | LEDGERS
2026-08-03 18:45:42,387 INFO [clean_score_only#7]       StepMonitoring.java:98   | HEADS
2026-08-03 18:45:45,412 INFO [clean_score_only#7]        HeadSeedTally.java:235  | Scale information: HeadSeeds{NOTEHEAD_VOID[L:-0.2,R:-0.3] NOTEHEAD_BLACK[L:0.0,R:0.2]}
2026-08-03 18:45:45,412 INFO [clean_score_only#7]       StepMonitoring.java:98   | STEMS
2026-08-03 18:45:46,490 INFO [clean_score_only#7]           BeamLinker.java:1729 | Not linking shorter BeamHookInter#2100{(0.326/0.684) BEAM_HOOK}
2026-08-03 18:45:46,496 INFO [clean_score_only#7]       StepMonitoring.java:98   | REDUCTION
2026-08-03 18:45:46,552 INFO [clean_score_only#7]        ReductionStep.java:105  | Stems free length median value: 53 pixels, 3.5 interlines
2026-08-03 18:45:46,554 INFO [clean_score_only#7]       StepMonitoring.java:98   | CUE_BEAMS
2026-08-03 18:45:46,554 INFO [clean_score_only#7]         CueBeamsStep.java:81   | Step CUE_BEAMS is skipped because small heads switch is off
2026-08-03 18:45:46,555 INFO [clean_score_only#7]       StepMonitoring.java:98   | TEXTS
2026-08-03 18:45:47,706 INFO [clean_score_only#7]       StepMonitoring.java:98   | MEASURES
2026-08-03 18:45:47,707 INFO [clean_score_only#7]                 Page.java:307  | 7 raw measures: [4 in system#1, 3 in system#2]
2026-08-03 18:45:47,707 INFO [clean_score_only#7]       StepMonitoring.java:98   | CHORDS
2026-08-03 18:45:47,712 INFO [clean_score_only#7]       StepMonitoring.java:98   | CURVES
2026-08-03 18:45:48,287 INFO [clean_score_only#7]         SlursBuilder.java:240  | Slurs: 47
2026-08-03 18:45:48,301 INFO [clean_score_only#7]      SegmentsBuilder.java:155  | Segments: 47
2026-08-03 18:45:48,302 INFO [clean_score_only#7]       StepMonitoring.java:98   | SYMBOLS
2026-08-03 18:45:49,194 INFO [clean_score_only#7]       StepMonitoring.java:98   | LINKS
2026-08-03 18:45:49,195 INFO [clean_score_only#7]        SymbolsLinker.java:258  | No chord linked to OctaveShiftInter#9292{(0.375) staff:1 QUINDICESIMA ALTA} at java.awt.Point[x=355,y=426]
2026-08-03 18:45:49,195 INFO [clean_score_only#7]             KeyInter.java:1189 | No effective key before AlterInter#9416{(0.152) staff:4 NATURAL pitch:-3.0}
2026-08-03 18:45:49,216 INFO [clean_score_only#7]        SentenceInter.java:463  | No chord near SentenceInter#7313{(0.557) staff:7 mFont:BS-44 Direction} atempo
2026-08-03 18:45:49,229 INFO [clean_score_only#7]       StepMonitoring.java:98   | RHYTHMS
2026-08-03 18:45:49,257 INFO [clean_score_only#7]       StepMonitoring.java:98   | PAGE
2026-08-03 18:45:49,259 WARN [clean_score_only#7]         MeasureFixer.java:343  | System#1 No target duration for measures local IDs [1, 2, 3, 4], please check time signatures
2026-08-03 18:45:49,259 WARN [clean_score_only#7]         MeasureFixer.java:343  | System#2 No target duration for measures local IDs [5, 6, 7], please check time signatures
2026-08-03 18:45:49,259 INFO [clean_score_only#7]                 Book.java:2584 | Book{clean_score_only} storing
2026-08-03 18:45:49,330 INFO [clean_score_only#7]                 Book.java:2565 | Stored /book.xml
2026-08-03 18:45:49,392 INFO [clean_score_only#7]           DataHolder.java:348  | Stored /sheet#7/BINARY.png
2026-08-03 18:45:49,878 INFO [clean_score_only#7]                Sheet.java:1583 | Stored /sheet#7/sheet#7.xml
2026-08-03 18:45:49,878 INFO [clean_score_only#7]                 Book.java:2525 | Book stored as /tmp/pdf2mxl-up-dSZBHQ/audiveris-out/clean_score_only.omr
2026-08-03 18:45:49,882 INFO [clean_score_only#7]            SheetStub.java:1655 | Sheet#7 disposed
2026-08-03 18:45:49,905 INFO [clean_score_only#7]                 Book.java:2050 | End of Stub#7
2026-08-03 18:45:49,905 INFO [clean_score_only]                 Book.java:2057 | End of Book{clean_score_only}
2026-08-03 18:45:49,906 INFO [clean_score_only]                 Book.java:596  | Could not export since transcription did not complete successfully
2026-08-03 18:45:49,906 WARN [clean_score_only]                  CLI.java:956  | Exception occurred java.lang.Exception: Error in export
java.lang.Exception: Error in export
	at org.audiveris.omr.CLI$ProcessingTask.processBook(CLI.java:930)
	at org.audiveris.omr.CLI$CliTask.call(CLI.java:513)
	at org.audiveris.omr.Main.runBatchTasks(Main.java:361)
	at org.audiveris.omr.Main.main(Main.java:263)
	at Audiveris.main(Audiveris.java:50)
2026-08-03 18:45:49,929 INFO [clean_score_only]                Score.java:181  | Closing {Score 1}
2026-08-03 18:45:49,930 INFO [clean_score_only]                Score.java:181  | Closing {Score 2}
